// Jest Snapshot v1, https://goo.gl/fbAQLP

exports[`formats the value 1`] = `"123.0"`;
